/oak/stanford/groups/mrivas/projects/biomarkers/meta/plink_imputed/filtered/GLOBAL_Alanine_aminotransferase.sumstats.tsv.gz
/oak/stanford/groups/mrivas/projects/biomarkers/meta/plink_imputed/filtered/GLOBAL_Albumin.sumstats.tsv.gz
/oak/stanford/groups/mrivas/projects/biomarkers/meta/plink_imputed/filtered/GLOBAL_Alkaline_phosphatase.sumstats.tsv.gz
/oak/stanford/groups/mrivas/projects/biomarkers/meta/plink_imputed/filtered/GLOBAL_Apolipoprotein_A.sumstats.tsv.gz
/oak/stanford/groups/mrivas/projects/biomarkers/meta/plink_imputed/filtered/GLOBAL_Apolipoprotein_B_adjstatins.sumstats.tsv.gz
/oak/stanford/groups/mrivas/projects/biomarkers/meta/plink_imputed/filtered/GLOBAL_Apolipoprotein_B.sumstats.tsv.gz
/oak/stanford/groups/mrivas/projects/biomarkers/meta/plink_imputed/filtered/GLOBAL_Aspartate_aminotransferase.sumstats.tsv.gz
/oak/stanford/groups/mrivas/projects/biomarkers/meta/plink_imputed/filtered/GLOBAL_Calcium.sumstats.tsv.gz
/oak/stanford/groups/mrivas/projects/biomarkers/meta/plink_imputed/filtered/GLOBAL_Cholesterol_adjstatins.sumstats.tsv.gz
/oak/stanford/groups/mrivas/projects/biomarkers/meta/plink_imputed/filtered/GLOBAL_Cholesterol.sumstats.tsv.gz
/oak/stanford/groups/mrivas/projects/biomarkers/meta/plink_imputed/filtered/GLOBAL_C_reactive_protein.sumstats.tsv.gz
/oak/stanford/groups/mrivas/projects/biomarkers/meta/plink_imputed/filtered/GLOBAL_Creatinine_in_urine.sumstats.tsv.gz
/oak/stanford/groups/mrivas/projects/biomarkers/meta/plink_imputed/filtered/GLOBAL_Creatinine.sumstats.tsv.gz
/oak/stanford/groups/mrivas/projects/biomarkers/meta/plink_imputed/filtered/GLOBAL_Cystatin_C.sumstats.tsv.gz
/oak/stanford/groups/mrivas/projects/biomarkers/meta/plink_imputed/filtered/GLOBAL_Direct_bilirubin.sumstats.tsv.gz
/oak/stanford/groups/mrivas/projects/biomarkers/meta/plink_imputed/filtered/GLOBAL_eGFR.sumstats.tsv.gz
/oak/stanford/groups/mrivas/projects/biomarkers/meta/plink_imputed/filtered/GLOBAL_Fasting_glucose.sumstats.tsv.gz
/oak/stanford/groups/mrivas/projects/biomarkers/meta/plink_imputed/filtered/GLOBAL_Gamma_glutamyltransferase.sumstats.tsv.gz
/oak/stanford/groups/mrivas/projects/biomarkers/meta/plink_imputed/filtered/GLOBAL_Glucose.sumstats.tsv.gz
/oak/stanford/groups/mrivas/projects/biomarkers/meta/plink_imputed/filtered/GLOBAL_Glycated_haemoglobin_HbA1c.sumstats.tsv.gz
/oak/stanford/groups/mrivas/projects/biomarkers/meta/plink_imputed/filtered/GLOBAL_HbA1c.sumstats.tsv.gz
/oak/stanford/groups/mrivas/projects/biomarkers/meta/plink_imputed/filtered/GLOBAL_HDL_cholesterol.sumstats.tsv.gz
/oak/stanford/groups/mrivas/projects/biomarkers/meta/plink_imputed/filtered/GLOBAL_HDL.sumstats.tsv.gz
/oak/stanford/groups/mrivas/projects/biomarkers/meta/plink_imputed/filtered/GLOBAL_IGF_1.sumstats.tsv.gz
/oak/stanford/groups/mrivas/projects/biomarkers/meta/plink_imputed/filtered/GLOBAL_LDL_adjstatins.sumstats.tsv.gz
/oak/stanford/groups/mrivas/projects/biomarkers/meta/plink_imputed/filtered/GLOBAL_LDL_direct_adjstatins.sumstats.tsv.gz
/oak/stanford/groups/mrivas/projects/biomarkers/meta/plink_imputed/filtered/GLOBAL_LDL_direct.sumstats.tsv.gz
/oak/stanford/groups/mrivas/projects/biomarkers/meta/plink_imputed/filtered/GLOBAL_LDL.sumstats.tsv.gz
/oak/stanford/groups/mrivas/projects/biomarkers/meta/plink_imputed/filtered/GLOBAL_Lipoprotein_A.sumstats.tsv.gz
/oak/stanford/groups/mrivas/projects/biomarkers/meta/plink_imputed/filtered/GLOBAL_Microalbumin_in_urine.sumstats.tsv.gz
/oak/stanford/groups/mrivas/projects/biomarkers/meta/plink_imputed/filtered/GLOBAL_Non_albumin_protein.sumstats.tsv.gz
/oak/stanford/groups/mrivas/projects/biomarkers/meta/plink_imputed/filtered/GLOBAL_Oestradiol.sumstats.tsv.gz
/oak/stanford/groups/mrivas/projects/biomarkers/meta/plink_imputed/filtered/GLOBAL_Phosphate.sumstats.tsv.gz
/oak/stanford/groups/mrivas/projects/biomarkers/meta/plink_imputed/filtered/GLOBAL_Potassium_in_urine.sumstats.tsv.gz
/oak/stanford/groups/mrivas/projects/biomarkers/meta/plink_imputed/filtered/GLOBAL_Rheumatoid_factor.sumstats.tsv.gz
/oak/stanford/groups/mrivas/projects/biomarkers/meta/plink_imputed/filtered/GLOBAL_SHBG.sumstats.tsv.gz
/oak/stanford/groups/mrivas/projects/biomarkers/meta/plink_imputed/filtered/GLOBAL_Sodium_in_urine.sumstats.tsv.gz
/oak/stanford/groups/mrivas/projects/biomarkers/meta/plink_imputed/filtered/GLOBAL_Testosterone.sumstats.tsv.gz
/oak/stanford/groups/mrivas/projects/biomarkers/meta/plink_imputed/filtered/GLOBAL_Total_bilirubin.sumstats.tsv.gz
/oak/stanford/groups/mrivas/projects/biomarkers/meta/plink_imputed/filtered/GLOBAL_Total_protein.sumstats.tsv.gz
/oak/stanford/groups/mrivas/projects/biomarkers/meta/plink_imputed/filtered/GLOBAL_Triglycerides.sumstats.tsv.gz
/oak/stanford/groups/mrivas/projects/biomarkers/meta/plink_imputed/filtered/GLOBAL_Urate.sumstats.tsv.gz
/oak/stanford/groups/mrivas/projects/biomarkers/meta/plink_imputed/filtered/GLOBAL_Urea.sumstats.tsv.gz
/oak/stanford/groups/mrivas/projects/biomarkers/meta/plink_imputed/filtered/GLOBAL_Vitamin_D.sumstats.tsv.gz
