/oak/stanford/groups/mrivas/projects/biomarkers_rivas/meta/METAANALYSIS_Alanine_aminotransferase_1.tbl
/oak/stanford/groups/mrivas/projects/biomarkers_rivas/meta/METAANALYSIS_Albumin_1.tbl
/oak/stanford/groups/mrivas/projects/biomarkers_rivas/meta/METAANALYSIS_Alkaline_phosphatase_1.tbl
/oak/stanford/groups/mrivas/projects/biomarkers_rivas/meta/METAANALYSIS_Apolipoprotein_A_1.tbl
/oak/stanford/groups/mrivas/projects/biomarkers_rivas/meta/METAANALYSIS_Apolipoprotein_B_1.tbl
/oak/stanford/groups/mrivas/projects/biomarkers_rivas/meta/METAANALYSIS_Apolipoprotein_B_adjust_statins_1.tbl
/oak/stanford/groups/mrivas/projects/biomarkers_rivas/meta/METAANALYSIS_Aspartate_aminotransferase_1.tbl
/oak/stanford/groups/mrivas/projects/biomarkers_rivas/meta/METAANALYSIS_AST_ALT_ratio_1.tbl
/oak/stanford/groups/mrivas/projects/biomarkers_rivas/meta/METAANALYSIS_Calcium_1.tbl
/oak/stanford/groups/mrivas/projects/biomarkers_rivas/meta/METAANALYSIS_Cholesterol_adjust_statins_1.tbl
/oak/stanford/groups/mrivas/projects/biomarkers_rivas/meta/METAANALYSIS_C_reactive_protein_1.tbl
/oak/stanford/groups/mrivas/projects/biomarkers_rivas/meta/METAANALYSIS_Creatinine_1.tbl
/oak/stanford/groups/mrivas/projects/biomarkers_rivas/meta/METAANALYSIS_Creatinine_in_urine_1.tbl
/oak/stanford/groups/mrivas/projects/biomarkers_rivas/meta/METAANALYSIS_Cystatin_C_1.tbl
/oak/stanford/groups/mrivas/projects/biomarkers_rivas/meta/METAANALYSIS_Direct_bilirubin_1.tbl
/oak/stanford/groups/mrivas/projects/biomarkers_rivas/meta/METAANALYSIS_eGFR_1.tbl
/oak/stanford/groups/mrivas/projects/biomarkers_rivas/meta/METAANALYSIS_Fasting_glucose_1.tbl
/oak/stanford/groups/mrivas/projects/biomarkers_rivas/meta/METAANALYSIS_Gamma_glutamyltransferase_1.tbl
/oak/stanford/groups/mrivas/projects/biomarkers_rivas/meta/METAANALYSIS_Glucose_1.tbl
/oak/stanford/groups/mrivas/projects/biomarkers_rivas/meta/METAANALYSIS_Glycated_haemoglobin_HbA1c_1.tbl
/oak/stanford/groups/mrivas/projects/biomarkers_rivas/meta/METAANALYSIS_HDL_cholesterol_1.tbl
/oak/stanford/groups/mrivas/projects/biomarkers_rivas/meta/METAANALYSIS_IGF_1_1.tbl
/oak/stanford/groups/mrivas/projects/biomarkers_rivas/meta/METAANALYSIS_LDL_direct_adjust_statins_1.tbl
/oak/stanford/groups/mrivas/projects/biomarkers_rivas/meta/METAANALYSIS_Lipoprotein_A_1.tbl
/oak/stanford/groups/mrivas/projects/biomarkers_rivas/meta/METAANALYSIS_Microalbumin_in_urine_1.tbl
/oak/stanford/groups/mrivas/projects/biomarkers_rivas/meta/METAANALYSIS_Non_albumin_protein_1.tbl
/oak/stanford/groups/mrivas/projects/biomarkers_rivas/meta/METAANALYSIS_Oestradiol_1.tbl
/oak/stanford/groups/mrivas/projects/biomarkers_rivas/meta/METAANALYSIS_Phosphate_1.tbl
/oak/stanford/groups/mrivas/projects/biomarkers_rivas/meta/METAANALYSIS_Potassium_in_urine_1.tbl
/oak/stanford/groups/mrivas/projects/biomarkers_rivas/meta/METAANALYSIS_Rheumatoid_factor_1.tbl
/oak/stanford/groups/mrivas/projects/biomarkers_rivas/meta/METAANALYSIS_SHBG_1.tbl
/oak/stanford/groups/mrivas/projects/biomarkers_rivas/meta/METAANALYSIS_Sodium_in_urine_1.tbl
/oak/stanford/groups/mrivas/projects/biomarkers_rivas/meta/METAANALYSIS_Testosterone_1.tbl
/oak/stanford/groups/mrivas/projects/biomarkers_rivas/meta/METAANALYSIS_Total_bilirubin_1.tbl
/oak/stanford/groups/mrivas/projects/biomarkers_rivas/meta/METAANALYSIS_Total_protein_1.tbl
/oak/stanford/groups/mrivas/projects/biomarkers_rivas/meta/METAANALYSIS_Triglycerides_1.tbl
/oak/stanford/groups/mrivas/projects/biomarkers_rivas/meta/METAANALYSIS_Urate_1.tbl
/oak/stanford/groups/mrivas/projects/biomarkers_rivas/meta/METAANALYSIS_Urea_1.tbl
/oak/stanford/groups/mrivas/projects/biomarkers_rivas/meta/METAANALYSIS_Vitamin_D_1.tbl
