/oak/stanford/groups/mrivas/users/ytanigaw/repos/rivas-lab/public-resources/uk_biobank/biomarkers/snpnet/data/Alanine_aminotransferase/results/results/output_iter_33.tsv
/oak/stanford/groups/mrivas/users/ytanigaw/repos/rivas-lab/public-resources/uk_biobank/biomarkers/snpnet/data/Albumin/results/results/output_iter_31.tsv
/oak/stanford/groups/mrivas/users/ytanigaw/repos/rivas-lab/public-resources/uk_biobank/biomarkers/snpnet/data/Alkaline_phosphatase/results/results/output_iter_45.tsv
/oak/stanford/groups/mrivas/users/ytanigaw/repos/rivas-lab/public-resources/uk_biobank/biomarkers/snpnet/data/Aspartate_aminotransferase/results/results/output_iter_34.tsv
/oak/stanford/groups/mrivas/users/ytanigaw/repos/rivas-lab/public-resources/uk_biobank/biomarkers/snpnet/data/AST_ALT_ratio/results/results/output_iter_36.tsv
/oak/stanford/groups/mrivas/users/ytanigaw/repos/rivas-lab/public-resources/uk_biobank/biomarkers/snpnet/data/Calcium/results/results/output_iter_33.tsv
/oak/stanford/groups/mrivas/users/ytanigaw/repos/rivas-lab/public-resources/uk_biobank/biomarkers/snpnet/data/Cholesterol_adjstatins/results/results/output_iter_41.tsv
/oak/stanford/groups/mrivas/users/ytanigaw/repos/rivas-lab/public-resources/uk_biobank/biomarkers/snpnet/data/Cholesterol/results/results/output_iter_32.tsv
/oak/stanford/groups/mrivas/users/ytanigaw/repos/rivas-lab/public-resources/uk_biobank/biomarkers/snpnet/data/C_reactive_protein/results/results/output_iter_41.tsv
/oak/stanford/groups/mrivas/users/ytanigaw/repos/rivas-lab/public-resources/uk_biobank/biomarkers/snpnet/data/Creatinine_in_urine/results/results/output_iter_17.tsv
/oak/stanford/groups/mrivas/users/ytanigaw/repos/rivas-lab/public-resources/uk_biobank/biomarkers/snpnet/data/Creatinine/results/results/output_iter_41.tsv
/oak/stanford/groups/mrivas/users/ytanigaw/repos/rivas-lab/public-resources/uk_biobank/biomarkers/snpnet/data/Cystatin_C/results/results/output_iter_49.tsv
/oak/stanford/groups/mrivas/users/ytanigaw/repos/rivas-lab/public-resources/uk_biobank/biomarkers/snpnet/data/Direct_bilirubin/results/results/output_iter_26.tsv
/oak/stanford/groups/mrivas/users/ytanigaw/repos/rivas-lab/public-resources/uk_biobank/biomarkers/snpnet/data/eGFR/results/results/output_iter_36.tsv
/oak/stanford/groups/mrivas/users/ytanigaw/repos/rivas-lab/public-resources/uk_biobank/biomarkers/snpnet/data/Fasting_glucose/results/results/output_iter_2.tsv
/oak/stanford/groups/mrivas/users/ytanigaw/repos/rivas-lab/public-resources/uk_biobank/biomarkers/snpnet/data/Free_androgen_index/results/results/output_iter_33.tsv
/oak/stanford/groups/mrivas/users/ytanigaw/repos/rivas-lab/public-resources/uk_biobank/biomarkers/snpnet/data/Gamma_glutamyltransferase/results/results/output_iter_43.tsv
/oak/stanford/groups/mrivas/users/ytanigaw/repos/rivas-lab/public-resources/uk_biobank/biomarkers/snpnet/data/GGT_ALT_ratio/results/results/output_iter_43.tsv
/oak/stanford/groups/mrivas/users/ytanigaw/repos/rivas-lab/public-resources/uk_biobank/biomarkers/snpnet/data/Glucose/results/results/output_iter_20.tsv
/oak/stanford/groups/mrivas/users/ytanigaw/repos/rivas-lab/public-resources/uk_biobank/biomarkers/snpnet/data/Glycated_haemoglobin_HbA1c/results/results/output_iter_37.tsv
/oak/stanford/groups/mrivas/users/ytanigaw/repos/rivas-lab/public-resources/uk_biobank/biomarkers/snpnet/data/HDL_cholesterol/results/results/output_iter_51.tsv
/oak/stanford/groups/mrivas/users/ytanigaw/repos/rivas-lab/public-resources/uk_biobank/biomarkers/snpnet/data/IGF_1/results/results/output_iter_46.tsv
/oak/stanford/groups/mrivas/users/ytanigaw/repos/rivas-lab/public-resources/uk_biobank/biomarkers/snpnet/data/LDL_direct_adjstatins/results/results/output_iter_41.tsv
/oak/stanford/groups/mrivas/users/ytanigaw/repos/rivas-lab/public-resources/uk_biobank/biomarkers/snpnet/data/LDL_direct/results/results/output_iter_31.tsv
/oak/stanford/groups/mrivas/users/ytanigaw/repos/rivas-lab/public-resources/uk_biobank/biomarkers/snpnet/data/Lipoprotein_A/results/results/output_iter_31.tsv
/oak/stanford/groups/mrivas/users/ytanigaw/repos/rivas-lab/public-resources/uk_biobank/biomarkers/snpnet/data/Microalbumin_in_urine/results/results/output_iter_2.tsv
/oak/stanford/groups/mrivas/users/ytanigaw/repos/rivas-lab/public-resources/uk_biobank/biomarkers/snpnet/data/Non_albumin_protein/results/results/output_iter_39.tsv
/oak/stanford/groups/mrivas/users/ytanigaw/repos/rivas-lab/public-resources/uk_biobank/biomarkers/snpnet/data/Non_albumin_ratio/results/results/output_iter_39.tsv
/oak/stanford/groups/mrivas/users/ytanigaw/repos/rivas-lab/public-resources/uk_biobank/biomarkers/snpnet/data/Oestradiol/results/results/output_iter_3.tsv
/oak/stanford/groups/mrivas/users/ytanigaw/repos/rivas-lab/public-resources/uk_biobank/biomarkers/snpnet/data/Phosphate/results/results/output_iter_33.tsv
/oak/stanford/groups/mrivas/users/ytanigaw/repos/rivas-lab/public-resources/uk_biobank/biomarkers/snpnet/data/Potassium_in_urine/results/results/output_iter_10.tsv
/oak/stanford/groups/mrivas/users/ytanigaw/repos/rivas-lab/public-resources/uk_biobank/biomarkers/snpnet/data/Rheumatoid_factor/results/results/output_iter_1.tsv
/oak/stanford/groups/mrivas/users/ytanigaw/repos/rivas-lab/public-resources/uk_biobank/biomarkers/snpnet/data/SHBG/results/results/output_iter_46.tsv
/oak/stanford/groups/mrivas/users/ytanigaw/repos/rivas-lab/public-resources/uk_biobank/biomarkers/snpnet/data/Sodium_in_urine/results/results/output_iter_17.tsv
/oak/stanford/groups/mrivas/users/ytanigaw/repos/rivas-lab/public-resources/uk_biobank/biomarkers/snpnet/data/Testosterone/results/results/output_iter_26.tsv
/oak/stanford/groups/mrivas/users/ytanigaw/repos/rivas-lab/public-resources/uk_biobank/biomarkers/snpnet/data/Total_bilirubin/results/results/output_iter_22.tsv
/oak/stanford/groups/mrivas/users/ytanigaw/repos/rivas-lab/public-resources/uk_biobank/biomarkers/snpnet/data/Total_protein/results/results/output_iter_36.tsv
/oak/stanford/groups/mrivas/users/ytanigaw/repos/rivas-lab/public-resources/uk_biobank/biomarkers/snpnet/data/Triglycerides/results/results/output_iter_40.tsv
/oak/stanford/groups/mrivas/users/ytanigaw/repos/rivas-lab/public-resources/uk_biobank/biomarkers/snpnet/data/Urate/results/results/output_iter_45.tsv
/oak/stanford/groups/mrivas/users/ytanigaw/repos/rivas-lab/public-resources/uk_biobank/biomarkers/snpnet/data/Urea/results/results/output_iter_30.tsv
/oak/stanford/groups/mrivas/users/ytanigaw/repos/rivas-lab/public-resources/uk_biobank/biomarkers/snpnet/data/Vitamin_D/results/results/output_iter_30.tsv
