@@@@@@/projects/biomarkers/meta/plink_imputed/filtered_hits/GLOBAL_Alanine_aminotransferase.1cm.hits
@@@@@@/projects/biomarkers/meta/plink_imputed/filtered_hits/GLOBAL_Albumin.1cm.hits
@@@@@@/projects/biomarkers/meta/plink_imputed/filtered_hits/GLOBAL_Alkaline_phosphatase.1cm.hits
@@@@@@/projects/biomarkers/meta/plink_imputed/filtered_hits/GLOBAL_Apolipoprotein_A.1cm.hits
@@@@@@/projects/biomarkers/meta/plink_imputed/filtered_hits/GLOBAL_Apolipoprotein_B.1cm.hits
@@@@@@/projects/biomarkers/meta/plink_imputed/filtered_hits/GLOBAL_Apolipoprotein_B_adjstatins.1cm.hits
@@@@@@/projects/biomarkers/meta/plink_imputed/filtered_hits/GLOBAL_Aspartate_aminotransferase.1cm.hits
@@@@@@/projects/biomarkers/meta/plink_imputed/filtered_hits/GLOBAL_Calcium.1cm.hits
@@@@@@/projects/biomarkers/meta/plink_imputed/filtered_hits/GLOBAL_Cholesterol.1cm.hits
@@@@@@/projects/biomarkers/meta/plink_imputed/filtered_hits/GLOBAL_Cholesterol_adjstatins.1cm.hits
@@@@@@/projects/biomarkers/meta/plink_imputed/filtered_hits/GLOBAL_C_reactive_protein.1cm.hits
@@@@@@/projects/biomarkers/meta/plink_imputed/filtered_hits/GLOBAL_Creatinine.1cm.hits
@@@@@@/projects/biomarkers/meta/plink_imputed/filtered_hits/GLOBAL_Creatinine_in_urine.1cm.hits
@@@@@@/projects/biomarkers/meta/plink_imputed/filtered_hits/GLOBAL_Cystatin_C.1cm.hits
@@@@@@/projects/biomarkers/meta/plink_imputed/filtered_hits/GLOBAL_Direct_bilirubin.1cm.hits
@@@@@@/projects/biomarkers/meta/plink_imputed/filtered_hits/GLOBAL_eGFR.1cm.hits
@@@@@@/projects/biomarkers/meta/plink_imputed/filtered_hits/GLOBAL_Fasting_glucose.1cm.hits
@@@@@@/projects/biomarkers/meta/plink_imputed/filtered_hits/GLOBAL_Gamma_glutamyltransferase.1cm.hits
@@@@@@/projects/biomarkers/meta/plink_imputed/filtered_hits/GLOBAL_Glucose.1cm.hits
@@@@@@/projects/biomarkers/meta/plink_imputed/filtered_hits/GLOBAL_Glycated_haemoglobin_HbA1c.1cm.hits
@@@@@@/projects/biomarkers/meta/plink_imputed/filtered_hits/GLOBAL_HbA1c.1cm.hits
@@@@@@/projects/biomarkers/meta/plink_imputed/filtered_hits/GLOBAL_HDL.1cm.hits
@@@@@@/projects/biomarkers/meta/plink_imputed/filtered_hits/GLOBAL_HDL_cholesterol.1cm.hits
@@@@@@/projects/biomarkers/meta/plink_imputed/filtered_hits/GLOBAL_IGF_1.1cm.hits
@@@@@@/projects/biomarkers/meta/plink_imputed/filtered_hits/GLOBAL_LDL.1cm.hits
@@@@@@/projects/biomarkers/meta/plink_imputed/filtered_hits/GLOBAL_LDL_adjstatins.1cm.hits
@@@@@@/projects/biomarkers/meta/plink_imputed/filtered_hits/GLOBAL_LDL_direct.1cm.hits
@@@@@@/projects/biomarkers/meta/plink_imputed/filtered_hits/GLOBAL_LDL_direct_adjstatins.1cm.hits
@@@@@@/projects/biomarkers/meta/plink_imputed/filtered_hits/GLOBAL_Lipoprotein_A.1cm.hits
@@@@@@/projects/biomarkers/meta/plink_imputed/filtered_hits/GLOBAL_Microalbumin_in_urine.1cm.hits
@@@@@@/projects/biomarkers/meta/plink_imputed/filtered_hits/GLOBAL_Non_albumin_protein.1cm.hits
@@@@@@/projects/biomarkers/meta/plink_imputed/filtered_hits/GLOBAL_Oestradiol.1cm.hits
@@@@@@/projects/biomarkers/meta/plink_imputed/filtered_hits/GLOBAL_Phosphate.1cm.hits
@@@@@@/projects/biomarkers/meta/plink_imputed/filtered_hits/GLOBAL_Potassium_in_urine.1cm.hits
@@@@@@/projects/biomarkers/meta/plink_imputed/filtered_hits/GLOBAL_SHBG.1cm.hits
@@@@@@/projects/biomarkers/meta/plink_imputed/filtered_hits/GLOBAL_Sodium_in_urine.1cm.hits
@@@@@@/projects/biomarkers/meta/plink_imputed/filtered_hits/GLOBAL_Testosterone.1cm.hits
@@@@@@/projects/biomarkers/meta/plink_imputed/filtered_hits/GLOBAL_Total_bilirubin.1cm.hits
@@@@@@/projects/biomarkers/meta/plink_imputed/filtered_hits/GLOBAL_Total_protein.1cm.hits
@@@@@@/projects/biomarkers/meta/plink_imputed/filtered_hits/GLOBAL_Triglycerides.1cm.hits
@@@@@@/projects/biomarkers/meta/plink_imputed/filtered_hits/GLOBAL_Urate.1cm.hits
@@@@@@/projects/biomarkers/meta/plink_imputed/filtered_hits/GLOBAL_Urea.1cm.hits
@@@@@@/projects/biomarkers/meta/plink_imputed/filtered_hits/GLOBAL_Vitamin_D.1cm.hits
@@@@@@/projects/biomarkers/meta/plink_imputed/filtered_hits/GLOBAL_AST_ALT_ratio.1cm.hits
